// Jest Snapshot v1, https://goo.gl/fbAQLP

exports[`shows an error message on unhandled types 1`] = `
"> 1 | const a: number | string = 12;
    |         ^^^^^^^^^^^^^^^

Unhandled syntax:
{
  \\"type\\": \\"UnionTypeAnnotation\\",
  \\"start\\": 9,
  \\"end\\": 24,
  \\"loc\\": {
    \\"start\\": {
      \\"line\\": 1,
      \\"column\\": 9
    },
    \\"end\\": {
      \\"line\\": 1,
      \\"column\\": 24
    }
  },
  \\"types\\": [
    {
      \\"type\\": \\"NumberTypeAnnotation\\",
      \\"start\\": 9,
      \\"end\\": 15,
      \\"loc\\": {
        \\"start\\": {
          \\"line\\": 1,
          \\"column\\": 9
        },
        \\"end\\": {
          \\"line\\": 1,
          \\"column\\": 15
        }
      }
    },
    {
      \\"type\\": \\"StringTypeAnnotation\\",
      \\"start\\": 18,
      \\"end\\": 24,
      \\"loc\\": {
        \\"start\\": {
          \\"line\\": 1,
          \\"column\\": 18
        },
        \\"end\\": {
          \\"line\\": 1,
          \\"column\\": 24
        }
      }
    }
  ]
}"
`;
